// Jest Snapshot v1, https://goo.gl/fbAQLP

exports[`Footer component renders properly 1`] = `
<div
  className="footer"
>
  <Link
    onlyActiveOnIndex={false}
    style={
      Object {
        "color": "#eee",
        "textDecoration": "none",
      }
    }
    title="+254 701922120, kezzyangiro@gmail.com"
  >
    <span
      className="glyphicon glyphicon-question-sign"
    />
     Contact us
  </Link>
</div>
`;

exports[`Header component renders properly 1`] = `
<div
  className="Header"
>
  <nav
    className="navbar navbar-inverse"
    style={
      Object {
        "backgroundColor": "rgb(54, 54, 129)",
        "border": "0",
      }
    }
  >
    <div
      className="container-fluid"
    >
      <div
        className="navbar-header"
      >
        <button
          className="navbar-toggle"
          data-target="#myNavbar"
          data-toggle="collapse"
          type="button"
        >
          <span
            className="icon-bar"
          />
          <span
            className="icon-bar"
          />
          <span
            className="icon-bar"
          />
        </button>
        <Link
          className="navbar-brand"
          onlyActiveOnIndex={false}
          style={
            Object {
              "color": "#eee",
              "fontSize": "25px",
              "marginLeft": "1px",
            }
          }
          to="/home"
        >
          WeConnect *
        </Link>
      </div>
      <div
        className="collapse navbar-collapse"
        id="myNavbar"
      >
        <ul
          className="nav navbar-nav navbar-right"
        >
          <li>
            <Link
              activeStyle={
                Object {
                  "borderBottom": "1px solid #ddd",
                  "borderRadius": "5px",
                }
              }
              onlyActiveOnIndex={false}
              style={
                Object {
                  "color": "#eee",
                }
              }
              to="/home"
            >
              <span
                className="glyphicon glyphicon-home"
              />
               Home
            </Link>
          </li>
          <li>
            <Link
              activeStyle={
                Object {
                  "borderBottom": "1px solid #ddd",
                  "borderRadius": "5px",
                }
              }
              onlyActiveOnIndex={false}
              style={
                Object {
                  "color": "#eee",
                }
              }
              to="/businesses"
            >
              Businesses
            </Link>
          </li>
          <li>
            <Link
              activeStyle={
                Object {
                  "borderBottom": "1px solid #ddd",
                  "borderRadius": "5px",
                }
              }
              onlyActiveOnIndex={false}
              style={
                Object {
                  "color": "#eee",
                }
              }
              to="/login"
            >
              <span
                className="glyphicon glyphicon-log-in"
              />
               Login
            </Link>
          </li>
          <li>
            <Link
              activeStyle={
                Object {
                  "borderBottom": "1px solid #ddd",
                  "borderRadius": "5px",
                }
              }
              onlyActiveOnIndex={false}
              style={
                Object {
                  "color": "#eee",
                }
              }
              to="/signup"
            >
              <span
                className="glyphicon glyphicon-user"
              />
               Sign Up
            </Link>
          </li>
        </ul>
      </div>
    </div>
  </nav>
</div>
`;

exports[`Root component renders properly 1`] = `
<div
  className="row"
>
  <Header />
  <BackNav />
  <Footer />
</div>
`;
